Traceback (most recent call last):
  File "C:\Users\Administrator\AppData\Local\Programs\Python\Python311\Lib\site-packages\yt_dlp\YoutubeDL.py", line 1698, in wrapper
    return func(self, *args, **kwargs)
           ^^^^^^^^^^^^^^^^^^^^^^^^^^^
  File "C:\Users\Administrator\AppData\Local\Programs\Python\Python311\Lib\site-packages\yt_dlp\YoutubeDL.py", line 1833, in __extract_info
    ie_result = ie.extract(url)
                ^^^^^^^^^^^^^^^
  File "C:\Users\Administrator\AppData\Local\Programs\Python\Python311\Lib\site-packages\yt_dlp\extractor\common.py", line 765, in extract
    ie_result = self._real_extract(url)
                ^^^^^^^^^^^^^^^^^^^^^^^
  File "C:\Users\Administrator\AppData\Local\Programs\Python\Python311\Lib\site-packages\yt_dlp\extractor\twitter.py", line 1371, in _real_extract
    self.raise_no_formats('No video could be found in this tweet', expected=True)
  File "C:\Users\Administrator\AppData\Local\Programs\Python\Python311\Lib\site-packages\yt_dlp\extractor\common.py", line 1277, in raise_no_formats
    raise ExtractorError(msg, expected=expected, video_id=video_id)
yt_dlp.utils.ExtractorError: [twitter] 2047201601593745724: No video could be found in this tweet

During handling of the above exception, another exception occurred:

Traceback (most recent call last):
  File "D:\VSCODE\PYTHON3\x_download_new\server.py", line 135, in parse_video
    info = ydl.extract_info(url, download=False)
           ^^^^^^^^^^^^^^^^^^^^^^^^^^^^^^^^^^^^^
  File "C:\Users\Administrator\AppData\Local\Programs\Python\Python311\Lib\site-packages\yt_dlp\YoutubeDL.py", line 1687, in extract_info
    return self.__extract_info(url, self.get_info_extractor(key), download, extra_info, process)
           ^^^^^^^^^^^^^^^^^^^^^^^^^^^^^^^^^^^^^^^^^^^^^^^^^^^^^^^^^^^^^^^^^^^^^^^^^^^^^^^^^^^^^
  File "C:\Users\Administrator\AppData\Local\Programs\Python\Python311\Lib\site-packages\yt_dlp\YoutubeDL.py", line 1716, in wrapper
    self.report_error(str(e), e.format_traceback())
  File "C:\Users\Administrator\AppData\Local\Programs\Python\Python311\Lib\site-packages\yt_dlp\YoutubeDL.py", line 1154, in report_error
    self.trouble(f'{self._format_err("ERROR:", self.Styles.ERROR)} {message}', *args, **kwargs)
  File "C:\Users\Administrator\AppData\Local\Programs\Python\Python311\Lib\site-packages\yt_dlp\YoutubeDL.py", line 1093, in trouble
    raise DownloadError(message, exc_info)
yt_dlp.utils.DownloadError: ERROR: [twitter] 2047201601593745724: No video could be found in this tweet
